208.36.144.8 - - [01/Nov/2008:02:31:02 -0500] "GET /robots.txt HTTP/1.0" 404 1181 "-" "Mozilla/5.0 (Twiceler-0.9 http://www.cuil.com/twiceler/robot.html)"
67.195.37.115 - - [01/Nov/2008:11:39:58 -0500] "GET /robots.txt HTTP/1.0" 404 1181 "-" "Mozilla/5.0 (compatible; Yahoo! Slurp; http://help.yahoo.com/help/us/ysearch/slurp)"
67.195.37.115 - - [01/Nov/2008:11:39:59 -0500] "GET / HTTP/1.0" 200 6961 "-" "Mozilla/5.0 (compatible; Yahoo! Slurp/3.0; http://help.yahoo.com/help/us/ysearch/slurp)"
67.195.37.115 - - [01/Nov/2008:11:40:01 -0500] "GET /default.css HTTP/1.0" 200 2717 "http://hosting.prairie-sky.com/" "Mozilla/5.0 (compatible; Yahoo! Slurp/3.0; http://help.yahoo.com/help/us/ysearch/slurp)"
72.30.78.244 - - [01/Nov/2008:12:23:54 -0500] "GET /robots.txt HTTP/1.0" 404 1181 "-" "Mozilla/5.0 (compatible; Yahoo! Slurp; http://help.yahoo.com/help/us/ysearch/slurp)"
72.30.78.244 - - [01/Nov/2008:12:23:54 -0500] "GET / HTTP/1.0" 200 6961 "-" "Mozilla/5.0 (compatible; Yahoo! Slurp; http://help.yahoo.com/help/us/ysearch/slurp)"
208.36.144.8 - - [02/Nov/2008:02:22:24 -0600] "GET /robots.txt HTTP/1.0" 404 1181 "-" "Mozilla/5.0 (Twiceler-0.9 http://www.cuil.com/twiceler/robot.html)"
82.99.30.48 - - [03/Nov/2008:10:14:50 -0600] "GET / HTTP/1.0" 200 6961 "-" "Mozilla/4.0 (compatible; MSIE 6.0; Windows NT 5.1)"
74.6.22.95 - - [03/Nov/2008:11:35:42 -0600] "GET /robots.txt HTTP/1.0" 404 1181 "-" "Mozilla/5.0 (compatible; Yahoo! Slurp; http://help.yahoo.com/help/us/ysearch/slurp)"
74.6.22.95 - - [03/Nov/2008:11:35:43 -0600] "GET / HTTP/1.0" 200 6961 "-" "Mozilla/5.0 (compatible; Yahoo! Slurp; http://help.yahoo.com/help/us/ysearch/slurp)"
69.26.94.240 - - [04/Nov/2008:15:29:58 -0600] "GET / HTTP/1.1" 200 6961 "http://www.prairie-sky.com/" "Mozilla/4.0 (compatible; MSIE 6.0; Windows 98; .NET CLR 1.1.4322)"
69.26.94.240 - - [04/Nov/2008:15:29:58 -0600] "GET /default.css HTTP/1.1" 200 2717 "http://hosting.prairie-sky.com/" "Mozilla/4.0 (compatible; MSIE 6.0; Windows 98; .NET CLR 1.1.4322)"
69.26.94.240 - - [04/Nov/2008:15:29:58 -0600] "GET /images/img01.gif HTTP/1.1" 200 195 "http://hosting.prairie-sky.com/" "Mozilla/4.0 (compatible; MSIE 6.0; Windows 98; .NET CLR 1.1.4322)"
69.26.94.240 - - [04/Nov/2008:15:29:58 -0600] "GET /images/img03.gif HTTP/1.1" 200 31765 "http://hosting.prairie-sky.com/" "Mozilla/4.0 (compatible; MSIE 6.0; Windows 98; .NET CLR 1.1.4322)"
208.36.144.8 - - [04/Nov/2008:22:07:57 -0600] "GET /robots.txt HTTP/1.0" 404 1181 "-" "Mozilla/5.0 (Twiceler-0.9 http://www.cuil.com/twiceler/robot.html)"
66.249.66.50 - - [06/Nov/2008:07:05:52 -0600] "GET /robots.txt HTTP/1.1" 404 1181 "-" "Mozilla/5.0 (compatible; Googlebot/2.1; +http://www.google.com/bot.html)"
66.249.66.50 - - [06/Nov/2008:07:05:52 -0600] "GET / HTTP/1.1" 200 6961 "-" "Mozilla/5.0 (compatible; Googlebot/2.1; +http://www.google.com/bot.html)"
74.6.22.107 - - [06/Nov/2008:11:43:00 -0600] "GET /robots.txt HTTP/1.0" 404 1181 "-" "Mozilla/5.0 (compatible; Yahoo! Slurp; http://help.yahoo.com/help/us/ysearch/slurp)"
74.6.22.107 - - [06/Nov/2008:11:43:01 -0600] "GET / HTTP/1.0" 200 6961 "-" "Mozilla/5.0 (compatible; Yahoo! Slurp; http://help.yahoo.com/help/us/ysearch/slurp)"
69.58.178.26 - - [06/Nov/2008:19:08:02 -0600] "GET /robots.txt HTTP/1.1" 404 1181 "-" "Mozilla/5.0 (X11; U; Linux i686; en-US; rv:1.7.12; ips-agent) Gecko/20050922 Fedora/1.0.7-1.1.fc4 Firefox/1.0.7"
69.58.178.26 - - [06/Nov/2008:19:08:03 -0600] "GET / HTTP/1.1" 200 6961 "-" "Mozilla/5.0 (X11; U; Linux i686; en-US; rv:1.7.12; ips-agent) Gecko/20050922 Fedora/1.0.7-1.1.fc4 Firefox/1.0.7"
208.36.144.8 - - [07/Nov/2008:02:45:51 -0600] "GET /robots.txt HTTP/1.0" 404 1181 "-" "Mozilla/5.0 (Twiceler-0.9 http://www.cuil.com/twiceler/robot.html)"
93.158.150.20 - - [07/Nov/2008:22:32:28 -0600] "GET /robots.txt HTTP/1.1" 404 1181 "-" "Yandex/1.01.001 (compatible; Win16; I)"
93.158.150.20 - - [07/Nov/2008:22:32:29 -0600] "GET / HTTP/1.1" 304 - "-" "Yandex/1.01.001 (compatible; Win16; I)"
67.195.37.115 - - [08/Nov/2008:10:43:30 -0600] "GET /robots.txt HTTP/1.0" 404 1181 "-" "Mozilla/5.0 (compatible; Yahoo! Slurp; http://help.yahoo.com/help/us/ysearch/slurp)"
67.195.37.115 - - [08/Nov/2008:10:43:30 -0600] "GET / HTTP/1.0" 200 6961 "-" "Mozilla/5.0 (compatible; Yahoo! Slurp/3.0; http://help.yahoo.com/help/us/ysearch/slurp)"
67.195.37.115 - - [08/Nov/2008:10:43:34 -0600] "GET /default.css HTTP/1.0" 200 2717 "http://hosting.prairie-sky.com/" "Mozilla/5.0 (compatible; Yahoo! Slurp/3.0; http://help.yahoo.com/help/us/ysearch/slurp)"
66.249.66.50 - - [09/Nov/2008:02:53:24 -0600] "GET /robots.txt HTTP/1.1" 404 1181 "-" "Googlebot-Image/1.0"
66.249.66.50 - - [09/Nov/2008:02:53:24 -0600] "GET /images/img03.gif HTTP/1.1" 304 - "-" "Googlebot-Image/1.0"
65.55.209.21 - - [09/Nov/2008:12:46:09 -0600] "GET /robots.txt HTTP/1.1" 404 1181 "-" "msnbot/1.1 (+http://search.msn.com/msnbot.htm)"
65.55.209.21 - - [09/Nov/2008:12:46:10 -0600] "GET / HTTP/1.1" 200 6961 "-" "msnbot/1.1 (+http://search.msn.com/msnbot.htm)"
208.36.144.8 - - [09/Nov/2008:22:41:09 -0600] "GET /robots.txt HTTP/1.0" 404 1181 "-" "Mozilla/5.0 (Twiceler-0.9 http://www.cuil.com/twiceler/robot.html)"
66.249.66.50 - - [10/Nov/2008:00:42:46 -0600] "GET /robots.txt HTTP/1.1" 404 1181 "-" "Mozilla/5.0 (compatible; Googlebot/2.1; +http://www.google.com/bot.html)"
66.249.66.50 - - [10/Nov/2008:00:42:46 -0600] "GET / HTTP/1.1" 304 - "-" "Mozilla/5.0 (compatible; Googlebot/2.1; +http://www.google.com/bot.html)"
208.36.144.8 - - [11/Nov/2008:00:45:49 -0600] "GET /robots.txt HTTP/1.0" 404 1181 "-" "Mozilla/5.0 (Twiceler-0.9 http://www.cuil.com/twiceler/robot.html)"
195.128.18.18 - - [11/Nov/2008:02:40:03 -0600] "HEAD /robots.txt HTTP/1.0" 404 - "-" "Mozilla/5.0 (compatible; DBLBot/1.0; +http://www.dontbuylists.com/)"
195.128.18.18 - - [11/Nov/2008:02:40:06 -0600] "GET /robots.txt HTTP/1.0" 404 1181 "-" "Mozilla/5.0 (compatible; DBLBot/1.0; +http://www.dontbuylists.com/)"
195.128.18.18 - - [11/Nov/2008:02:40:15 -0600] "HEAD / HTTP/1.0" 200 - "-" "Mozilla/5.0 (compatible; DBLBot/1.0; +http://www.dontbuylists.com/)"
195.128.18.18 - - [11/Nov/2008:02:40:18 -0600] "GET / HTTP/1.0" 200 6961 "-" "Mozilla/5.0 (compatible; DBLBot/1.0; +http://www.dontbuylists.com/)"
195.128.18.18 - - [11/Nov/2008:02:40:47 -0600] "HEAD /robots.txt HTTP/1.0" 404 - "-" "Mozilla/5.0 (compatible; DBLBot/1.0; +http://www.dontbuylists.com/)"
195.128.18.18 - - [11/Nov/2008:02:40:49 -0600] "GET /robots.txt HTTP/1.0" 404 1181 "-" "Mozilla/5.0 (compatible; DBLBot/1.0; +http://www.dontbuylists.com/)"
195.128.18.18 - - [11/Nov/2008:02:40:51 -0600] "HEAD / HTTP/1.0" 200 - "-" "Mozilla/5.0 (compatible; DBLBot/1.0; +http://www.dontbuylists.com/)"
195.128.18.18 - - [11/Nov/2008:02:40:54 -0600] "GET / HTTP/1.0" 200 6961 "-" "Mozilla/5.0 (compatible; DBLBot/1.0; +http://www.dontbuylists.com/)"
195.128.18.18 - - [11/Nov/2008:02:41:59 -0600] "HEAD /robots.txt HTTP/1.0" 404 - "-" "Mozilla/5.0 (compatible; DBLBot/1.0; +http://www.dontbuylists.com/)"
195.128.18.18 - - [11/Nov/2008:02:42:04 -0600] "GET /robots.txt HTTP/1.0" 404 1181 "-" "Mozilla/5.0 (compatible; DBLBot/1.0; +http://www.dontbuylists.com/)"
74.6.22.94 - - [11/Nov/2008:08:30:29 -0600] "GET /robots.txt HTTP/1.0" 404 1181 "-" "Mozilla/5.0 (compatible; Yahoo! Slurp; http://help.yahoo.com/help/us/ysearch/slurp)"
74.6.22.94 - - [11/Nov/2008:08:30:29 -0600] "GET / HTTP/1.0" 200 6961 "-" "Mozilla/5.0 (compatible; Yahoo! Slurp; http://help.yahoo.com/help/us/ysearch/slurp)"
65.55.209.21 - - [11/Nov/2008:15:21:58 -0600] "GET /robots.txt HTTP/1.1" 404 1181 "-" "msnbot/1.1 (+http://search.msn.com/msnbot.htm)"
65.55.209.21 - - [11/Nov/2008:15:21:59 -0600] "GET / HTTP/1.1" 304 - "-" "msnbot/1.1 (+http://search.msn.com/msnbot.htm)"
208.36.144.8 - - [12/Nov/2008:01:08:08 -0600] "GET /robots.txt HTTP/1.0" 404 1181 "-" "Mozilla/5.0 (Twiceler-0.9 http://www.cuil.com/twiceler/robot.html)"
74.6.17.159 - - [12/Nov/2008:08:35:33 -0600] "GET /robots.txt HTTP/1.0" 404 1181 "-" "Mozilla/5.0 (compatible; Yahoo! Slurp; http://help.yahoo.com/help/us/ysearch/slurp)"
74.6.17.159 - - [12/Nov/2008:08:35:34 -0600] "GET / HTTP/1.0" 200 6961 "-" "Mozilla/5.0 (compatible; Yahoo! Slurp; http://help.yahoo.com/help/us/ysearch/slurp)"
66.249.66.50 - - [12/Nov/2008:19:03:21 -0600] "GET /robots.txt HTTP/1.1" 404 1181 "-" "Mozilla/5.0 (compatible; Googlebot/2.1; +http://www.google.com/bot.html)"
66.249.66.50 - - [12/Nov/2008:19:03:21 -0600] "GET / HTTP/1.1" 200 6961 "-" "Mozilla/5.0 (compatible; Googlebot/2.1; +http://www.google.com/bot.html)"
208.36.144.8 - - [13/Nov/2008:05:28:03 -0600] "GET /robots.txt HTTP/1.0" 404 1181 "-" "Mozilla/5.0 (Twiceler-0.9 http://www.cuil.com/twiceler/robot.html)"
67.16.94.2 - - [14/Nov/2008:07:04:47 -0600] "GET /robots.txt HTTP/1.0" 404 1181 "-" "Gigabot/3.0 (http://www.gigablast.com/spider.html)"
67.16.94.2 - - [14/Nov/2008:07:04:48 -0600] "GET / HTTP/1.0" 200 6961 "-" "Gigabot/3.0 (http://www.gigablast.com/spider.html)"
72.30.65.54 - - [14/Nov/2008:09:59:33 -0600] "GET /robots.txt HTTP/1.0" 404 1181 "-" "Mozilla/5.0 (compatible; Yahoo! Slurp; http://help.yahoo.com/help/us/ysearch/slurp)"
72.30.65.54 - - [14/Nov/2008:09:59:34 -0600] "GET / HTTP/1.0" 200 6961 "-" "Mozilla/5.0 (compatible; Yahoo! Slurp; http://help.yahoo.com/help/us/ysearch/slurp)"
88.191.94.206 - - [14/Nov/2008:15:26:39 -0600] "GET /robots.txt HTTP/1.0" 404 1181 "http://hosting.prairie-sky.com/" "Mozilla/4.0 (compatible; MSIE 6.0; Windows NT 5.1)"
208.36.144.8 - - [14/Nov/2008:23:38:30 -0600] "GET /robots.txt HTTP/1.0" 404 1181 "-" "Mozilla/5.0 (Twiceler-0.9 http://www.cuil.com/twiceler/robot.html)"
67.195.37.115 - - [15/Nov/2008:18:11:12 -0600] "GET /robots.txt HTTP/1.0" 404 1181 "-" "Mozilla/5.0 (compatible; Yahoo! Slurp; http://help.yahoo.com/help/us/ysearch/slurp)"
67.195.37.115 - - [15/Nov/2008:18:11:13 -0600] "GET / HTTP/1.0" 200 6961 "-" "Mozilla/5.0 (compatible; Yahoo! Slurp/3.0; http://help.yahoo.com/help/us/ysearch/slurp)"
67.195.37.115 - - [15/Nov/2008:18:11:13 -0600] "GET /default.css HTTP/1.0" 200 2717 "http://hosting.prairie-sky.com/" "Mozilla/5.0 (compatible; Yahoo! Slurp/3.0; http://help.yahoo.com/help/us/ysearch/slurp)"
207.161.137.7 - - [16/Nov/2008:13:30:27 -0600] "GET / HTTP/1.1" 200 6961 "http://www.prairie-sky.com/" "Mozilla/4.0 (compatible; MSIE 7.0; Windows NT 6.0; SLCC1; .NET CLR 2.0.50727; Media Center PC 5.0; .NET CLR 3.0.04506; eSobiSubscriber 2.0.4.16)"
207.161.137.7 - - [16/Nov/2008:13:30:27 -0600] "GET /default.css HTTP/1.1" 200 2717 "http://hosting.prairie-sky.com/" "Mozilla/4.0 (compatible; MSIE 7.0; Windows NT 6.0; SLCC1; .NET CLR 2.0.50727; Media Center PC 5.0; .NET CLR 3.0.04506; eSobiSubscriber 2.0.4.16)"
207.161.137.7 - - [16/Nov/2008:13:30:28 -0600] "GET /images/img01.gif HTTP/1.1" 200 195 "http://hosting.prairie-sky.com/" "Mozilla/4.0 (compatible; MSIE 7.0; Windows NT 6.0; SLCC1; .NET CLR 2.0.50727; Media Center PC 5.0; .NET CLR 3.0.04506; eSobiSubscriber 2.0.4.16)"
207.161.137.7 - - [16/Nov/2008:13:30:28 -0600] "GET /images/img03.gif HTTP/1.1" 200 31765 "http://hosting.prairie-sky.com/" "Mozilla/4.0 (compatible; MSIE 7.0; Windows NT 6.0; SLCC1; .NET CLR 2.0.50727; Media Center PC 5.0; .NET CLR 3.0.04506; eSobiSubscriber 2.0.4.16)"
207.161.137.7 - - [16/Nov/2008:13:30:29 -0600] "GET /favicon.ico HTTP/1.1" 404 1181 "-" "Mozilla/4.0 (compatible; MSIE 7.0; Windows NT 6.0; SLCC1; .NET CLR 2.0.50727; Media Center PC 5.0; .NET CLR 3.0.04506; eSobiSubscriber 2.0.4.16)"
68.146.34.222 - - [16/Nov/2008:20:01:09 -0600] "GET / HTTP/1.1" 200 6961 "http://www.prairie-sky.com/hotspots.html" "Mozilla/5.0 (Macintosh; U; Intel Mac OS X 10_4_11; en) AppleWebKit/525.18 (KHTML, like Gecko) Version/3.1.2 Safari/525.22"
68.146.34.222 - - [16/Nov/2008:20:01:09 -0600] "GET /default.css HTTP/1.1" 200 2717 "http://hosting.prairie-sky.com/" "Mozilla/5.0 (Macintosh; U; Intel Mac OS X 10_4_11; en) AppleWebKit/525.18 (KHTML, like Gecko) Version/3.1.2 Safari/525.22"
68.146.34.222 - - [16/Nov/2008:20:01:09 -0600] "GET /favicon.ico HTTP/1.1" 404 1181 "http://hosting.prairie-sky.com/" "Mozilla/5.0 (Macintosh; U; Intel Mac OS X 10_4_11; en) AppleWebKit/525.18 (KHTML, like Gecko) Version/3.1.2 Safari/525.22"
68.146.34.222 - - [16/Nov/2008:20:01:10 -0600] "GET /images/img01.gif HTTP/1.1" 200 195 "http://hosting.prairie-sky.com/" "Mozilla/5.0 (Macintosh; U; Intel Mac OS X 10_4_11; en) AppleWebKit/525.18 (KHTML, like Gecko) Version/3.1.2 Safari/525.22"
68.146.34.222 - - [16/Nov/2008:20:01:09 -0600] "GET /images/img03.gif HTTP/1.1" 200 31765 "http://hosting.prairie-sky.com/" "Mozilla/5.0 (Macintosh; U; Intel Mac OS X 10_4_11; en) AppleWebKit/525.18 (KHTML, like Gecko) Version/3.1.2 Safari/525.22"
208.36.144.8 - - [17/Nov/2008:00:32:56 -0600] "GET /robots.txt HTTP/1.0" 404 1181 "-" "Mozilla/5.0 (Twiceler-0.9 http://www.cuil.com/twiceler/robot.html)"
72.30.81.151 - - [17/Nov/2008:10:22:15 -0600] "GET /robots.txt HTTP/1.0" 404 1181 "-" "Mozilla/5.0 (compatible; Yahoo! Slurp; http://help.yahoo.com/help/us/ysearch/slurp)"
72.30.81.151 - - [17/Nov/2008:10:22:19 -0600] "GET / HTTP/1.0" 200 6961 "-" "Mozilla/5.0 (compatible; Yahoo! Slurp; http://help.yahoo.com/help/us/ysearch/slurp)"
69.26.94.240 - - [17/Nov/2008:15:20:23 -0600] "GET / HTTP/1.1" 200 6961 "http://www.prairie-sky.com/" "Mozilla/4.0 (compatible; MSIE 6.0; Windows 98; .NET CLR 1.1.4322)"
69.26.94.240 - - [17/Nov/2008:15:20:23 -0600] "GET /default.css HTTP/1.1" 200 2717 "http://hosting.prairie-sky.com/" "Mozilla/4.0 (compatible; MSIE 6.0; Windows 98; .NET CLR 1.1.4322)"
69.26.94.240 - - [17/Nov/2008:15:20:24 -0600] "GET /images/img01.gif HTTP/1.1" 200 195 "http://hosting.prairie-sky.com/" "Mozilla/4.0 (compatible; MSIE 6.0; Windows 98; .NET CLR 1.1.4322)"
69.26.94.240 - - [17/Nov/2008:15:20:24 -0600] "GET /images/img03.gif HTTP/1.1" 200 31765 "http://hosting.prairie-sky.com/" "Mozilla/4.0 (compatible; MSIE 6.0; Windows 98; .NET CLR 1.1.4322)"
93.158.150.20 - - [18/Nov/2008:23:00:28 -0600] "GET /robots.txt HTTP/1.1" 404 1181 "-" "Yandex/1.01.001 (compatible; Win16; I)"
93.158.150.20 - - [18/Nov/2008:23:00:28 -0600] "GET / HTTP/1.1" 304 - "-" "Yandex/1.01.001 (compatible; Win16; I)"
208.36.144.8 - - [19/Nov/2008:01:24:19 -0600] "GET /robots.txt HTTP/1.0" 404 1181 "-" "Mozilla/5.0 (Twiceler-0.9 http://www.cuil.com/twiceler/robot.html)"
66.231.188.115 - - [20/Nov/2008:03:27:30 -0600] "GET /robots.txt HTTP/1.0" 404 1181 "-" "Gigabot/3.0 (http://www.gigablast.com/spider.html)"
66.231.188.115 - - [20/Nov/2008:03:27:31 -0600] "GET / HTTP/1.0" 200 6961 "-" "Gigabot/3.0 (http://www.gigablast.com/spider.html)"
67.195.37.115 - - [20/Nov/2008:13:14:18 -0600] "GET /robots.txt HTTP/1.0" 404 1181 "-" "Mozilla/5.0 (compatible; Yahoo! Slurp; http://help.yahoo.com/help/us/ysearch/slurp)"
67.195.37.115 - - [20/Nov/2008:13:14:19 -0600] "GET / HTTP/1.0" 200 6961 "-" "Mozilla/5.0 (compatible; Yahoo! Slurp; http://help.yahoo.com/help/us/ysearch/slurp)"
208.36.144.8 - - [20/Nov/2008:23:54:37 -0600] "GET / HTTP/1.0" 200 6961 "-" "Mozilla/5.0 (Twiceler-0.9 http://www.cuil.com/twiceler/robot.html)"
208.36.144.8 - - [21/Nov/2008:00:14:42 -0600] "GET /robots.txt HTTP/1.0" 404 1181 "-" "Mozilla/5.0 (Twiceler-0.9 http://www.cuil.com/twiceler/robot.html)"
69.26.94.240 - - [21/Nov/2008:18:35:51 -0600] "GET / HTTP/1.1" 200 6961 "http://www.prairie-sky.com/fl.html" "Mozilla/4.0 (compatible; MSIE 7.0; Windows NT 6.0; FunWebProducts; SLCC1; .NET CLR 2.0.50727; .NET CLR 3.0.04506)"
69.26.94.240 - - [21/Nov/2008:18:35:51 -0600] "GET /default.css HTTP/1.1" 200 2717 "http://hosting.prairie-sky.com/" "Mozilla/4.0 (compatible; MSIE 7.0; Windows NT 6.0; FunWebProducts; SLCC1; .NET CLR 2.0.50727; .NET CLR 3.0.04506)"
69.26.94.240 - - [21/Nov/2008:18:35:52 -0600] "GET /images/img01.gif HTTP/1.1" 200 195 "http://hosting.prairie-sky.com/" "Mozilla/4.0 (compatible; MSIE 7.0; Windows NT 6.0; FunWebProducts; SLCC1; .NET CLR 2.0.50727; .NET CLR 3.0.04506)"
69.26.94.240 - - [21/Nov/2008:18:35:52 -0600] "GET /images/img03.gif HTTP/1.1" 200 31765 "http://hosting.prairie-sky.com/" "Mozilla/4.0 (compatible; MSIE 7.0; Windows NT 6.0; FunWebProducts; SLCC1; .NET CLR 2.0.50727; .NET CLR 3.0.04506)"
69.26.94.240 - - [21/Nov/2008:18:35:53 -0600] "GET /favicon.ico HTTP/1.1" 404 1181 "-" "Mozilla/4.0 (compatible; MSIE 7.0; Windows NT 6.0; FunWebProducts; SLCC1; .NET CLR 2.0.50727; .NET CLR 3.0.04506)"
72.30.79.32 - - [22/Nov/2008:00:01:42 -0600] "GET /robots.txt HTTP/1.0" 404 1181 "-" "Mozilla/5.0 (compatible; Yahoo! Slurp; http://help.yahoo.com/help/us/ysearch/slurp)"
72.30.79.32 - - [22/Nov/2008:00:01:43 -0600] "GET / HTTP/1.0" 200 6961 "-" "Mozilla/5.0 (compatible; Yahoo! Slurp; http://help.yahoo.com/help/us/ysearch/slurp)"
38.100.8.50 - - [22/Nov/2008:11:28:59 -0600] "GET /robots.txt HTTP/1.1" 404 1181 "-" "panscient.com"
38.100.8.50 - - [22/Nov/2008:11:29:02 -0600] "GET / HTTP/1.1" 200 6961 "-" "panscient.com"
67.195.37.115 - - [22/Nov/2008:18:14:38 -0600] "GET /robots.txt HTTP/1.0" 404 1181 "-" "Mozilla/5.0 (compatible; Yahoo! Slurp; http://help.yahoo.com/help/us/ysearch/slurp)"
67.195.37.115 - - [22/Nov/2008:18:14:39 -0600] "GET / HTTP/1.0" 200 6961 "-" "Mozilla/5.0 (compatible; Yahoo! Slurp/3.0; http://help.yahoo.com/help/us/ysearch/slurp)"
67.195.37.115 - - [22/Nov/2008:18:14:40 -0600] "GET /default.css HTTP/1.0" 200 2717 "http://hosting.prairie-sky.com/" "Mozilla/5.0 (compatible; Yahoo! Slurp/3.0; http://help.yahoo.com/help/us/ysearch/slurp)"
208.36.144.8 - - [23/Nov/2008:01:38:03 -0600] "GET /robots.txt HTTP/1.0" 404 1181 "-" "Mozilla/5.0 (Twiceler-0.9 http://www.cuil.com/twiceler/robot.html)"
65.55.209.21 - - [23/Nov/2008:17:14:13 -0600] "GET /robots.txt HTTP/1.1" 404 1181 "-" "msnbot/1.1 (+http://search.msn.com/msnbot.htm)"
65.55.209.21 - - [23/Nov/2008:17:14:13 -0600] "GET / HTTP/1.1" 304 - "-" "msnbot/1.1 (+http://search.msn.com/msnbot.htm)"
69.156.205.73 - - [24/Nov/2008:10:11:12 -0600] "GET / HTTP/1.1" 200 6961 "http://search.live.com/results.aspx?q=204-226&FORM=SMCA&first=1&count=25&rf=1" "-"
65.255.226.140 - - [25/Nov/2008:00:11:42 -0600] "GET / HTTP/1.1" 200 6961 "-" "Mozilla/5.0 (Windows; U; Windows NT 5.1; en-US; rv:1.9.0.4) Gecko/2008102920 Firefox/3.0.4"
65.255.226.140 - - [25/Nov/2008:00:11:42 -0600] "GET /default.css HTTP/1.1" 200 2717 "http://hosting.prairie-sky.com/" "Mozilla/5.0 (Windows; U; Windows NT 5.1; en-US; rv:1.9.0.4) Gecko/2008102920 Firefox/3.0.4"
65.255.226.140 - - [25/Nov/2008:00:11:42 -0600] "GET /images/img01.gif HTTP/1.1" 200 195 "http://hosting.prairie-sky.com/default.css" "Mozilla/5.0 (Windows; U; Windows NT 5.1; en-US; rv:1.9.0.4) Gecko/2008102920 Firefox/3.0.4"
65.255.226.140 - - [25/Nov/2008:00:11:42 -0600] "GET /images/img03.gif HTTP/1.1" 200 31765 "http://hosting.prairie-sky.com/" "Mozilla/5.0 (Windows; U; Windows NT 5.1; en-US; rv:1.9.0.4) Gecko/2008102920 Firefox/3.0.4"
65.255.226.140 - - [25/Nov/2008:00:11:42 -0600] "GET /favicon.ico HTTP/1.1" 404 1181 "-" "Mozilla/5.0 (Windows; U; Windows NT 5.1; en-US; rv:1.9.0.4) Gecko/2008102920 Firefox/3.0.4"
65.255.226.140 - - [25/Nov/2008:00:11:45 -0600] "GET /favicon.ico HTTP/1.1" 404 1181 "-" "Mozilla/5.0 (Windows; U; Windows NT 5.1; en-US; rv:1.9.0.4) Gecko/2008102920 Firefox/3.0.4"
208.36.144.8 - - [25/Nov/2008:01:19:56 -0600] "GET /robots.txt HTTP/1.0" 404 1181 "-" "Mozilla/5.0 (Twiceler-0.9 http://www.cuil.com/twiceler/robot.html)"
86.107.188.62 - - [26/Nov/2008:23:34:51 -0600] "GET / HTTP/1.1" 200 6961 "-" "Mozilla/4.0 (compatible ; MSIE 6.0; Windows NT 5.1)"
86.107.188.62 - - [26/Nov/2008:23:43:32 -0600] "GET / HTTP/1.1" 200 6961 "-" "Mozilla/4.0 (compatible ; MSIE 6.0; Windows NT 5.1)"
208.36.144.8 - - [27/Nov/2008:01:45:46 -0600] "GET /robots.txt HTTP/1.0" 404 1181 "-" "Mozilla/5.0 (Twiceler-0.9 http://www.cuil.com/twiceler/robot.html)"
195.128.18.18 - - [27/Nov/2008:04:24:52 -0600] "HEAD /robots.txt HTTP/1.0" 404 - "-" "Mozilla/5.0 (compatible; DBLBot/1.0; +http://www.dontbuylists.com/)"
195.128.18.18 - - [27/Nov/2008:04:25:02 -0600] "GET /robots.txt HTTP/1.0" 404 1181 "-" "Mozilla/5.0 (compatible; DBLBot/1.0; +http://www.dontbuylists.com/)"
195.128.18.18 - - [27/Nov/2008:04:25:06 -0600] "HEAD / HTTP/1.0" 200 - "-" "Mozilla/5.0 (compatible; DBLBot/1.0; +http://www.dontbuylists.com/)"
195.128.18.18 - - [27/Nov/2008:04:25:11 -0600] "GET / HTTP/1.0" 200 6961 "-" "Mozilla/5.0 (compatible; DBLBot/1.0; +http://www.dontbuylists.com/)"
195.128.18.18 - - [27/Nov/2008:04:25:41 -0600] "HEAD /robots.txt HTTP/1.0" 404 - "-" "Mozilla/5.0 (compatible; DBLBot/1.0; +http://www.dontbuylists.com/)"
195.128.18.18 - - [27/Nov/2008:04:25:48 -0600] "GET /robots.txt HTTP/1.0" 404 1181 "-" "Mozilla/5.0 (compatible; DBLBot/1.0; +http://www.dontbuylists.com/)"
195.128.18.18 - - [27/Nov/2008:04:25:53 -0600] "HEAD / HTTP/1.0" 200 - "-" "Mozilla/5.0 (compatible; DBLBot/1.0; +http://www.dontbuylists.com/)"
195.128.18.18 - - [27/Nov/2008:04:25:55 -0600] "GET / HTTP/1.0" 200 6961 "-" "Mozilla/5.0 (compatible; DBLBot/1.0; +http://www.dontbuylists.com/)"
195.128.18.18 - - [27/Nov/2008:04:28:19 -0600] "HEAD /robots.txt HTTP/1.0" 404 - "-" "Mozilla/5.0 (compatible; DBLBot/1.0; +http://www.dontbuylists.com/)"
195.128.18.18 - - [27/Nov/2008:04:28:24 -0600] "GET /robots.txt HTTP/1.0" 404 1181 "-" "Mozilla/5.0 (compatible; DBLBot/1.0; +http://www.dontbuylists.com/)"
67.195.37.120 - - [27/Nov/2008:15:14:15 -0600] "GET /robots.txt HTTP/1.0" 404 1181 "-" "Mozilla/5.0 (compatible; Yahoo! Slurp; http://help.yahoo.com/help/us/ysearch/slurp)"
67.195.37.120 - - [27/Nov/2008:15:14:15 -0600] "GET / HTTP/1.0" 200 6961 "-" "Mozilla/5.0 (compatible; Yahoo! Slurp; http://help.yahoo.com/help/us/ysearch/slurp)"
12.150.125.194 - - [27/Nov/2008:23:48:00 -0600] "GET / HTTP/1.0" 200 6961 "http://www.prairie-sky.com/backup.html" "Mozilla/4.0 (compatible; MSIE 7.0; Windows NT 5.1; .NET CLR 1.0.3705; .NET CLR 1.1.4322; Media Center PC 4.0; .NET CLR 2.0.50727)"
12.150.125.194 - - [27/Nov/2008:23:48:00 -0600] "GET /default.css HTTP/1.0" 200 2717 "http://hosting.prairie-sky.com/" "Mozilla/4.0 (compatible; MSIE 7.0; Windows NT 5.1; .NET CLR 1.0.3705; .NET CLR 1.1.4322; Media Center PC 4.0; .NET CLR 2.0.50727)"
12.150.125.194 - - [27/Nov/2008:23:48:01 -0600] "GET /images/img01.gif HTTP/1.0" 200 195 "http://hosting.prairie-sky.com/" "Mozilla/4.0 (compatible; MSIE 7.0; Windows NT 5.1; .NET CLR 1.0.3705; .NET CLR 1.1.4322; Media Center PC 4.0; .NET CLR 2.0.50727)"
12.150.125.194 - - [27/Nov/2008:23:48:01 -0600] "GET /images/img03.gif HTTP/1.0" 200 31765 "http://hosting.prairie-sky.com/" "Mozilla/4.0 (compatible; MSIE 7.0; Windows NT 5.1; .NET CLR 1.0.3705; .NET CLR 1.1.4322; Media Center PC 4.0; .NET CLR 2.0.50727)"
12.150.125.194 - - [27/Nov/2008:23:48:02 -0600] "GET /favicon.ico HTTP/1.0" 404 1181 "-" "Mozilla/4.0 (compatible; MSIE 7.0; Windows NT 5.1; .NET CLR 1.0.3705; .NET CLR 1.1.4322; Media Center PC 4.0; .NET CLR 2.0.50727)"
208.36.144.8 - - [29/Nov/2008:01:23:47 -0600] "GET /robots.txt HTTP/1.0" 404 1181 "-" "Mozilla/5.0 (Twiceler-0.9 http://www.cuil.com/twiceler/robot.html)"
66.249.66.50 - - [29/Nov/2008:12:27:51 -0600] "GET /robots.txt HTTP/1.1" 404 1181 "-" "Mozilla/5.0 (compatible; Googlebot/2.1; +http://www.google.com/bot.html)"
66.249.66.50 - - [29/Nov/2008:12:27:51 -0600] "GET / HTTP/1.1" 200 6961 "-" "Mozilla/5.0 (compatible; Googlebot/2.1; +http://www.google.com/bot.html)"
66.231.188.140 - - [29/Nov/2008:21:10:23 -0600] "GET /robots.txt HTTP/1.0" 404 1181 "-" "Gigabot/3.0 (http://www.gigablast.com/spider.html)"
66.231.188.140 - - [29/Nov/2008:21:10:23 -0600] "GET / HTTP/1.0" 200 6961 "-" "Gigabot/3.0 (http://www.gigablast.com/spider.html)"
67.195.37.120 - - [29/Nov/2008:22:30:10 -0600] "GET /robots.txt HTTP/1.0" 404 1181 "-" "Mozilla/5.0 (compatible; Yahoo! Slurp; http://help.yahoo.com/help/us/ysearch/slurp)"
67.195.37.120 - - [29/Nov/2008:22:30:10 -0600] "GET / HTTP/1.0" 200 6961 "-" "Mozilla/5.0 (compatible; Yahoo! Slurp/3.0; http://help.yahoo.com/help/us/ysearch/slurp)"
67.195.37.120 - - [29/Nov/2008:22:30:10 -0600] "GET /default.css HTTP/1.0" 200 2717 "http://hosting.prairie-sky.com/" "Mozilla/5.0 (compatible; Yahoo! Slurp/3.0; http://help.yahoo.com/help/us/ysearch/slurp)"
